[sebastian.valencia@fedora ~]$ ssh -o TCPKeepAlive=yes -o ServerAliveInterval=15 nutanix@172.30.7.130
^C
[sebastian.valencia@fedora ~]$ ping 172.30.7.130
PING 172.30.7.130 (172.30.7.130) 56(84) bytes of data.
^C
--- 172.30.7.130 ping statistics ---
36 packets transmitted, 0 received, 100% packet loss, time 35872ms

[sebastian.valencia@fedora ~]$ ping 172.30.7.131
PING 172.30.7.131 (172.30.7.131) 56(84) bytes of data.
^C
--- 172.30.7.131 ping statistics ---
15 packets transmitted, 0 received, 100% packet loss, time 14354ms

[sebastian.valencia@fedora ~]$ ping 172.30.7.132
PING 172.30.7.132 (172.30.7.132) 56(84) bytes of data.
^C
--- 172.30.7.132 ping statistics ---
20 packets transmitted, 0 received, 100% packet loss, time 19478ms

[sebastian.valencia@fedora ~]$ ping 172.30.7.133
PING 172.30.7.133 (172.30.7.133) 56(84) bytes of data.
64 bytes from 172.30.7.133: icmp_seq=1 ttl=63 time=1.71 ms
64 bytes from 172.30.7.133: icmp_seq=2 ttl=63 time=1.08 ms
64 bytes from 172.30.7.133: icmp_seq=3 ttl=63 time=2.33 ms
64 bytes from 172.30.7.133: icmp_seq=4 ttl=63 time=1.05 ms
64 bytes from 172.30.7.133: icmp_seq=5 ttl=63 time=1.07 ms
64 bytes from 172.30.7.133: icmp_seq=6 ttl=63 time=1.24 ms
64 bytes from 172.30.7.133: icmp_seq=7 ttl=63 time=6.94 ms
64 bytes from 172.30.7.133: icmp_seq=8 ttl=63 time=2.72 ms
64 bytes from 172.30.7.133: icmp_seq=9 ttl=63 time=1.45 ms
^C
--- 172.30.7.133 ping statistics ---
9 packets transmitted, 9 received, 0% packet loss, time 8009ms
rtt min/avg/max/mdev = 1.045/2.175/6.936/1.773 ms
[sebastian.valencia@fedora ~]$ ping 172.30.7.134
PING 172.30.7.134 (172.30.7.134) 56(84) bytes of data.
64 bytes from 172.30.7.134: icmp_seq=1 ttl=63 time=1.68 ms
64 bytes from 172.30.7.134: icmp_seq=2 ttl=63 time=2.81 ms
64 bytes from 172.30.7.134: icmp_seq=3 ttl=63 time=1.45 ms
64 bytes from 172.30.7.134: icmp_seq=4 ttl=63 time=1.80 ms
64 bytes from 172.30.7.134: icmp_seq=5 ttl=63 time=1.16 ms
64 bytes from 172.30.7.134: icmp_seq=6 ttl=63 time=1.20 ms
64 bytes from 172.30.7.134: icmp_seq=7 ttl=63 time=1.48 ms
64 bytes from 172.30.7.134: icmp_seq=8 ttl=63 time=1.47 ms
^C
--- 172.30.7.134 ping statistics ---
8 packets transmitted, 8 received, 0% packet loss, time 7007ms
rtt min/avg/max/mdev = 1.162/1.632/2.807/0.487 ms
[sebastian.valencia@fedora ~]$ ping 172.30.7.135
PING 172.30.7.135 (172.30.7.135) 56(84) bytes of data.
64 bytes from 172.30.7.135: icmp_seq=1 ttl=63 time=1.54 ms
64 bytes from 172.30.7.135: icmp_seq=2 ttl=63 time=1.42 ms
64 bytes from 172.30.7.135: icmp_seq=3 ttl=63 time=1.03 ms
64 bytes from 172.30.7.135: icmp_seq=4 ttl=63 time=1.19 ms
64 bytes from 172.30.7.135: icmp_seq=5 ttl=63 time=1.01 ms
64 bytes from 172.30.7.135: icmp_seq=6 ttl=63 time=1.12 ms
64 bytes from 172.30.7.135: icmp_seq=7 ttl=63 time=1.06 ms
64 bytes from 172.30.7.135: icmp_seq=8 ttl=63 time=1.16 ms
^C
--- 172.30.7.135 ping statistics ---
8 packets transmitted, 8 received, 0% packet loss, time 7007ms
rtt min/avg/max/mdev = 1.008/1.191/1.544/0.180 ms
[sebastian.valencia@fedora ~]$ ping 172.30.7.131
PING 172.30.7.131 (172.30.7.131) 56(84) bytes of data.
^C
--- 172.30.7.131 ping statistics ---
10 packets transmitted, 0 received, 100% packet loss, time 9230ms

[sebastian.valencia@fedora ~]$ ssh -o TCPKeepAlive=yes -o ServerAliveInterval=15 nutanix@172.30.7.133
The authenticity of host '172.30.7.133 (172.30.7.133)' can't be established.
ECDSA key fingerprint is SHA256:Pry+VKIQ6bvBXF+RtVR/qx7zMSAP7Vvosult+8xEzaI.
This key is not known by any other names
Are you sure you want to continue connecting (yes/no/[fingerprint])? yes
Warning: Permanently added '172.30.7.133' (ECDSA) to the list of known hosts.
Nutanix AHV
nutanix@172.30.7.133's password: 
Permission denied, please try again.
nutanix@172.30.7.133's password: 

[sebastian.valencia@fedora ~]$ ssh -o TCPKeepAlive=yes -o ServerAliveInterval=15 root@172.30.7.133
Nutanix AHV
root@172.30.7.133's password: 
Last login: Mon Jun  6 16:15:13 UTC 2022 from 172.30.7.130 on ssh
Last login: Mon Jun  6 16:15:13 UTC 2022 from 172.30.7.130 on ssh
Last login: Mon Jun  6 16:16:44 2022 from 172.30.2.147

Nutanix AHV is a cluster-optimized hypervisor appliance.

Alteration of the hypervisor appliance (unless advised by Nutanix
Technical Support) is unsupported and may result in the hypervisor or
VMs functioning incorrectly.

Unsupported alterations include (but are not limited to):

- Configuration changes.
- Installation of third-party software not approved by Nutanix.
- Installation or upgrade of software packages from non-Nutanix
  sources (using yum, rpm, or similar).

[root@NTNX-17FM6E410137-A ~]# cat /etc/resolv.conf 
# Auto generated by HypervisorDnsConfig on Wed Oct  6 10:08:51 2021

nameserver 172.30.7.11
nameserver 10.24.1.11
nameserver 8.8.8.8
[root@NTNX-17FM6E410137-A ~]# ping -c 4 172.30.7.11
PING 172.30.7.11 (172.30.7.11) 56(84) bytes of data.
64 bytes from 172.30.7.11: icmp_seq=1 ttl=127 time=1.00 ms
64 bytes from 172.30.7.11: icmp_seq=2 ttl=127 time=0.641 ms
^C
--- 172.30.7.11 ping statistics ---
2 packets transmitted, 2 received, 0% packet loss, time 1000ms
rtt min/avg/max/mdev = 0.641/0.824/1.007/0.183 ms
[root@NTNX-17FM6E410137-A ~]# ping -c 4 10.24.1.11
PING 10.24.1.11 (10.24.1.11) 56(84) bytes of data.
^C
--- 10.24.1.11 ping statistics ---
4 packets transmitted, 0 received, 100% packet loss, time 3094ms

[root@NTNX-17FM6E410137-A ~]# ping -c 4 8.8.8.8
PING 8.8.8.8 (8.8.8.8) 56(84) bytes of data.
64 bytes from 8.8.8.8: icmp_seq=1 ttl=115 time=1.17 ms
64 bytes from 8.8.8.8: icmp_seq=2 ttl=115 time=1.08 ms
64 bytes from 8.8.8.8: icmp_seq=3 ttl=115 time=1.17 ms
^C
--- 8.8.8.8 ping statistics ---
3 packets transmitted, 3 received, 0% packet loss, time 2001ms
rtt min/avg/max/mdev = 1.083/1.144/1.179/0.051 ms
[root@NTNX-17FM6E410137-A ~]# ssh utanix@192.168.5.254^C
[root@NTNX-17FM6E410137-A ~]# ssh 192.168.5.254 -l nutanix
FIPS mode initialized
Nutanix Controller VM
nutanix@192.168.5.254's password: 
Permission denied, please try again.
nutanix@192.168.5.254's password: 
Last login: Mon Jun  6 11:18:43 -05 2022 from 172.30.7.130 on ssh
Last login: Mon Jun  6 11:18:51 2022 from 192.168.5.1

Nutanix Controller VM (CVM) is a virtual storage appliance.

Alteration of the CVM (unless advised by Nutanix Technical Support or
Support Portal Documentation) is unsupported and may result in loss
of User VMs or other data residing on the cluster.

Unsupported alterations may include (but are not limited to):

- Configuration changes / removal of files.
- Installation of third-party software/scripts not approved by Nutanix.
- Installation or upgrade of software packages from non-Nutanix
  sources (using yum, rpm, or similar).

** SSH to CVM via 'nutanix' user will be restricted in coming releases.  **
** Please consider using the 'admin' user for basic workflows.           **
nutanix@NTNX-17FM6E410137-A-CVM:172.30.7.130:~$ 
nutanix@NTNX-17FM6E410137-A-CVM:172.30.7.130:~$ 
nutanix@NTNX-17FM6E410137-A-CVM:172.30.7.130:~$ 
nutanix@NTNX-17FM6E410137-A-CVM:172.30.7.130:~$ ncli cluster info
^C
VM:172.30.7.130:~$ 
nutanix@NTNX-17FM6E410137-A-CVM:172.30.7.130:~$ 
nutanix@NTNX-17FM6E410137-A-CVM:172.30.7.130:~$ 
nutanix@NTNX-17FM6E410137-A-CVM:172.30.7.130:~$ 
nutanix@NTNX-17FM6E410137-A-CVM:172.30.7.130:~$ 
nutanix@NTNX-17FM6E410137-A-CVM:172.30.7.130:~$ 
nutanix@NTNX-17FM6E410137-A-CVM:172.30.7.130:~$ 
nutanix@NTNX-17FM6E410137-A-CVM:172.30.7.130:~$ 
nutanix@NTNX-17FM6E410137-A-CVM:172.30.7.130:~$ 
nutanix@NTNX-17FM6E410137-A-CVM:172.30.7.130:~$ cat /etc/resolv.conf
# Auto generated by DnsConfig on Mon Jun  6 11:20:04 2022

nameserver 172.30.7.11
nameserver 8.8.8.8
nutanix@NTNX-17FM6E410137-A-CVM:172.30.7.130:~$ allssh "cat /etc/resolv.conf"
================== 172.30.7.131 =================
# Auto generated by DnsConfig on Mon Jun  6 11:20:04 2022

nameserver 172.30.7.11
nameserver 8.8.8.8
================== 172.30.7.132 =================
# Auto generated by DnsConfig on Mon Jun  6 11:20:03 2022

nameserver 172.30.7.11
nameserver 8.8.8.8
================== 172.30.7.130 =================
# Auto generated by DnsConfig on Mon Jun  6 11:20:04 2022

nameserver 172.30.7.11
nameserver 8.8.8.8
nutanix@NTNX-17FM6E410137-A-CVM:172.30.7.130:~$ 
nutanix@NTNX-17FM6E410137-A-CVM:172.30.7.130:~$ 
nutanix@NTNX-17FM6E410137-A-CVM:172.30.7.130:~$ 
nutanix@NTNX-17FM6E410137-A-CVM:172.30.7.130:~$ ncc --vresin 
^CKilled
nutanix@NTNX-17FM6E410137-A-CVM:172.30.7.130:~$ ncc --version
4.4.0-11444cbd
nutanix@NTNX-17FM6E410137-A-CVM:172.30.7.130:~$ ncc health_checks run_all

################################################
# TIMESTAMP : 06/06/2022 11:23:27 AM (UTC -0500)
################################################
ncc_version: 4.4.0-11444cbd
cluster id: 3961668073166789808
cluster name: NTNX-DCS
node with service vm id 4
    service vm external ip: 172.30.7.130
    hypervisor address list: [u'172.30.7.133']
    hypervisor version: Nutanix 20201105.2244
    ipmi address list: [u'172.30.7.136']
    software version: euphrates-5.20.3-stable
    software changeset ID: 1b36e17dfc9b2542fb42bf59d8796e24249c5195
    node serial: ZM178S012101
    rackable unit: SX-1065-G5
    node position: A
    block S/N: 17FM6E410137
node with service vm id 5
    service vm external ip: 172.30.7.131
    hypervisor address list: [u'172.30.7.134']
    hypervisor version: Nutanix 20201105.2244
    ipmi address list: [u'172.30.7.137']
    software version: euphrates-5.20.3-stable
    software changeset ID: 1b36e17dfc9b2542fb42bf59d8796e24249c5195
    node serial: ZM178S012159
    rackable unit: SX-1065-G5
    node position: B
    block S/N: 17FM6E410137
node with service vm id 6
    service vm external ip: 172.30.7.132
    hypervisor address list: [u'172.30.7.135']
    hypervisor version: Nutanix 20201105.2244
    ipmi address list: [u'172.30.7.138']
    software version: euphrates-5.20.3-stable
    software changeset ID: 1b36e17dfc9b2542fb42bf59d8796e24249c5195
    node serial: ZM178S012098
    rackable unit: SX-1065-G5
    node position: C
    block S/N: 17FM6E410137

Running : health_checks run_all
[==================================================] 100%
/health_checks/system_checks/cvm_same_ncc_version_check                                                                                                        [ PASS ] 
-----------------------------------------------------------------------------------------------------------------------------------------------------------------------+
/health_checks/hardware_checks/disk_checks/sas_connectivity_status_check                                                                                       [ PASS ] 
-----------------------------------------------------------------------------------------------------------------------------------------------------------------------+
/health_checks/sar_checks/ssd_latency_threshold_check                                                                                                          [ PASS ] 
-----------------------------------------------------------------------------------------------------------------------------------------------------------------------+
/health_checks/system_checks/same_timezone_check                                                                                                               [ PASS ] 
-----------------------------------------------------------------------------------------------------------------------------------------------------------------------+
/health_checks/hypervisor_checks/ahv_time_zone_check                                                                                                           [ PASS ] 
-----------------------------------------------------------------------------------------------------------------------------------------------------------------------+
/health_checks/hypervisor_checks/ahv_version_check                                                                                                             [ PASS ] 
-----------------------------------------------------------------------------------------------------------------------------------------------------------------------+
/health_checks/hardware_checks/disk_checks/lsi_firmware_rev_check                                                                                              [ PASS ] 
-----------------------------------------------------------------------------------------------------------------------------------------------------------------------+
/health_checks/system_checks/storage_container_replication_factor_check                                                                                        [ PASS ] 
-----------------------------------------------------------------------------------------------------------------------------------------------------------------------+
/health_checks/network_checks/host_nic_error_check                                                                                                             [ PASS ] 
-----------------------------------------------------------------------------------------------------------------------------------------------------------------------+
/health_checks/network_checks/switch_checks/ovs_bond_config                                                                                                    [ PASS ] 
-----------------------------------------------------------------------------------------------------------------------------------------------------------------------+
/health_checks/data_protection_checks/protection_domain_checks/linked_clones_in_nearsync_pds_check                                                             [ PASS ] 
-----------------------------------------------------------------------------------------------------------------------------------------------------------------------+
/health_checks/fileserver_checks/fileserver_cvm_checks/file_server_status_check                                                                                [ PASS ] 
-----------------------------------------------------------------------------------------------------------------------------------------------------------------------+
/health_checks/hardware_checks/disk_checks/boot_raid_check                                                                                                     [ PASS ] 
-----------------------------------------------------------------------------------------------------------------------------------------------------------------------+
/health_checks/cassandra_checks/cassandra_invalid_token_check                                                                                                  [ PASS ] 
-----------------------------------------------------------------------------------------------------------------------------------------------------------------------+
/health_checks/system_checks/rsyslog_forwarding_check                                                                                                          [ PASS ] 
-----------------------------------------------------------------------------------------------------------------------------------------------------------------------+
/health_checks/network_checks/host_pingable_check                                                                                                              [ PASS ] 
-----------------------------------------------------------------------------------------------------------------------------------------------------------------------+
/health_checks/data_protection_checks/protection_domain_checks/invalid_vm_name_check                                                                           [ PASS ] 
-----------------------------------------------------------------------------------------------------------------------------------------------------------------------+
/health_checks/draas_checks/vm_recovery_container_mount_check                                                                                                  [ PASS ] 
-----------------------------------------------------------------------------------------------------------------------------------------------------------------------+
/health_checks/data_protection_checks/protection_domain_checks/metro_vstore_symlinks_check                                                                     [ PASS ] 
-----------------------------------------------------------------------------------------------------------------------------------------------------------------------+
/health_checks/stargate_checks/garbage_egroups_size_check                                                                                                      [ PASS ] 
-----------------------------------------------------------------------------------------------------------------------------------------------------------------------+
/health_checks/stargate_checks/list_vms_with_qos_attrs                                                                                                         [ PASS ] 
-----------------------------------------------------------------------------------------------------------------------------------------------------------------------+
/health_checks/data_protection_checks/cloud_checks/aws_instance_type_check                                                                                     [ PASS ] 
-----------------------------------------------------------------------------------------------------------------------------------------------------------------------+
/health_checks/system_checks/cvm_reboot_check                                                                                                                  [ PASS ] 
-----------------------------------------------------------------------------------------------------------------------------------------------------------------------+
/health_checks/hypervisor_checks/ahv_rpmdb_integrity_check                                                                                                     [ PASS ] 
-----------------------------------------------------------------------------------------------------------------------------------------------------------------------+
/health_checks/robo_checks/robo_witness_state_check                                                                                                            [ PASS ] 
-----------------------------------------------------------------------------------------------------------------------------------------------------------------------+
/health_checks/system_checks/aide_check                                                                                                                        [ PASS ] 
-----------------------------------------------------------------------------------------------------------------------------------------------------------------------+
/health_checks/system_checks/all_flash_nodes_intermixed_check                                                                                                  [ PASS ] 
-----------------------------------------------------------------------------------------------------------------------------------------------------------------------+
/health_checks/network_checks/cvm_time_drift_check                                                                                                             [ PASS ] 
-----------------------------------------------------------------------------------------------------------------------------------------------------------------------+
/health_checks/network_checks/duplicate_hypervisor_ip_check                                                                                                    [ PASS ] 
-----------------------------------------------------------------------------------------------------------------------------------------------------------------------+
/health_checks/robo_checks/robo_cluster_witness_network_check                                                                                                  [ PASS ] 
-----------------------------------------------------------------------------------------------------------------------------------------------------------------------+
/health_checks/data_protection_checks/ahv_sync_rep_checks/ports_open_check                                                                                     [ PASS ] 
-----------------------------------------------------------------------------------------------------------------------------------------------------------------------+
/health_checks/hardware_checks/disk_checks/metadata_mounted_check                                                                                              [ PASS ] 
-----------------------------------------------------------------------------------------------------------------------------------------------------------------------+
/health_checks/system_checks/cvm_services_status                                                                                                               [ PASS ] 
-----------------------------------------------------------------------------------------------------------------------------------------------------------------------+
/health_checks/cassandra_checks/cassandra_log_crash_check                                                                                                      [ PASS ] 
-----------------------------------------------------------------------------------------------------------------------------------------------------------------------+
/health_checks/fileserver_checks/fileserver_cvm_checks/file_server_version_check                                                                               [ PASS ] 
-----------------------------------------------------------------------------------------------------------------------------------------------------------------------+
/health_checks/robo_checks/robo_cluster_nodes_ping_check                                                                                                       [ PASS ] 
-----------------------------------------------------------------------------------------------------------------------------------------------------------------------+
/health_checks/system_checks/dense_node_configuration_checks                                                                                                   [ PASS ] 
-----------------------------------------------------------------------------------------------------------------------------------------------------------------------+
/health_checks/data_protection_checks/protection_domain_checks/protected_vms_cbr_incapable_check                                                               [ PASS ] 
-----------------------------------------------------------------------------------------------------------------------------------------------------------------------+
/health_checks/data_protection_checks/protection_domain_checks/protection_domain_file_conflict_check                                                           [ PASS ] 
-----------------------------------------------------------------------------------------------------------------------------------------------------------------------+
/health_checks/system_checks/check_virtual_ip_is_in_cluster_external_subnet                                                                                    [ PASS ] 
-----------------------------------------------------------------------------------------------------------------------------------------------------------------------+
/health_checks/hypervisor_checks/orphan_vm_snapshot_check                                                                                                      [ PASS ] 
-----------------------------------------------------------------------------------------------------------------------------------------------------------------------+
/health_checks/system_checks/marker_files_check                                                                                                                [ PASS ] 
-----------------------------------------------------------------------------------------------------------------------------------------------------------------------+
/health_checks/hardware_checks/ipmi_checks/ipmi_sel_check                                                                                                      [ PASS ] 
-----------------------------------------------------------------------------------------------------------------------------------------------------------------------+
/health_checks/system_checks/high_frequency_snapshotting_ssd_config_compatibility_check                                                                        [ PASS ] 
-----------------------------------------------------------------------------------------------------------------------------------------------------------------------+
/health_checks/system_checks/ldap_config_check                                                                                                                 [ PASS ] 
-----------------------------------------------------------------------------------------------------------------------------------------------------------------------+
/health_checks/system_checks/cluster_version_check                                                                                                             [ PASS ] 
-----------------------------------------------------------------------------------------------------------------------------------------------------------------------+
/health_checks/data_protection_checks/remote_site_checks/dr_service_reachability_check                                                                         [ PASS ] 
-----------------------------------------------------------------------------------------------------------------------------------------------------------------------+
/health_checks/system_checks/cvm_memory_check                                                                                                                  [ PASS ] 
-----------------------------------------------------------------------------------------------------------------------------------------------------------------------+
/health_checks/ngt_checks/ngt_installer_version_check                                                                                                          [ PASS ] 
-----------------------------------------------------------------------------------------------------------------------------------------------------------------------+
/health_checks/system_checks/snapshot_space_check                                                                                                              [ PASS ] 
-----------------------------------------------------------------------------------------------------------------------------------------------------------------------+
/health_checks/hypervisor_checks/host_cpu_contention                                                                                                           [ PASS ] 
-----------------------------------------------------------------------------------------------------------------------------------------------------------------------+
/health_checks/hypervisor_checks/gpu_driver_installed_check                                                                                                    [ PASS ] 
-----------------------------------------------------------------------------------------------------------------------------------------------------------------------+
/health_checks/data_protection_checks/protection_domain_checks/pds_share_vms_check                                                                             [ PASS ] 
-----------------------------------------------------------------------------------------------------------------------------------------------------------------------+
/health_checks/system_checks/zkinfo_check_plugin                                                                                                               [ PASS ] 
-----------------------------------------------------------------------------------------------------------------------------------------------------------------------+
/health_checks/fileserver_checks/fileserver_cvm_checks/nvm_cpu_checks                                                                                          [ PASS ] 
-----------------------------------------------------------------------------------------------------------------------------------------------------------------------+
/health_checks/network_checks/nic_link_down_check                                                                                                              [ PASS ] 
-----------------------------------------------------------------------------------------------------------------------------------------------------------------------+
/health_checks/hardware_checks/disk_checks/incomplete_disk_removal_check                                                                                       [ PASS ] 
-----------------------------------------------------------------------------------------------------------------------------------------------------------------------+
/health_checks/hypervisor_checks/ahv_cvm_startup_dependency_check                                                                                              [ PASS ] 
-----------------------------------------------------------------------------------------------------------------------------------------------------------------------+
/health_checks/hypervisor_checks/cvm_memory_reservation_check                                                                                                  [ PASS ] 
-----------------------------------------------------------------------------------------------------------------------------------------------------------------------+
/health_checks/ngt_checks/ngt_client_cert_expiry_check                                                                                                         [ PASS ] 
-----------------------------------------------------------------------------------------------------------------------------------------------------------------------+
/health_checks/hardware_checks/dimm_interop_check                                                                                                              [ PASS ] 
-----------------------------------------------------------------------------------------------------------------------------------------------------------------------+
/health_checks/key_manager_checks/active_kmip_servers_check                                                                                                    [ PASS ] 
-----------------------------------------------------------------------------------------------------------------------------------------------------------------------+
/health_checks/data_protection_checks/cloud_checks/check_cloud_gflags                                                                                          [ PASS ] 
-----------------------------------------------------------------------------------------------------------------------------------------------------------------------+
/health_checks/system_checks/check_vm_pinning_config                                                                                                           [ PASS ] 
-----------------------------------------------------------------------------------------------------------------------------------------------------------------------+
/health_checks/system_checks/ngt_ca_setup_check                                                                                                                [ PASS ] 
-----------------------------------------------------------------------------------------------------------------------------------------------------------------------+
/health_checks/system_checks/host_connectivity                                                                                                                 [ PASS ] 
-----------------------------------------------------------------------------------------------------------------------------------------------------------------------+
/health_checks/cassandra_checks/cassandra_ssd_size_check                                                                                                       [ PASS ] 
-----------------------------------------------------------------------------------------------------------------------------------------------------------------------+
/health_checks/robo_checks/robo_witness_configured_check                                                                                                       [ PASS ] 
-----------------------------------------------------------------------------------------------------------------------------------------------------------------------+
/health_checks/system_checks/cluster_services_down_check                                                                                                       [ PASS ] 
-----------------------------------------------------------------------------------------------------------------------------------------------------------------------+
/health_checks/system_checks/node_schedulable_check                                                                                                            [ PASS ] 
-----------------------------------------------------------------------------------------------------------------------------------------------------------------------+
/health_checks/system_checks/check_license_compliance                                                                                                          [ PASS ] 
-----------------------------------------------------------------------------------------------------------------------------------------------------------------------+
/health_checks/network_checks/check_unsupported_sfp                                                                                                            [ PASS ] 
-----------------------------------------------------------------------------------------------------------------------------------------------------------------------+
/health_checks/sar_checks/hdd_latency_threshold_check                                                                                                          [ PASS ] 
-----------------------------------------------------------------------------------------------------------------------------------------------------------------------+
/health_checks/data_protection_checks/protection_domain_checks/aged_third_party_backup_snapshot_check                                                          [ PASS ] 
-----------------------------------------------------------------------------------------------------------------------------------------------------------------------+
/health_checks/stargate_checks/usage_discrepancy_check                                                                                                         [ PASS ] 
-----------------------------------------------------------------------------------------------------------------------------------------------------------------------+
/health_checks/network_checks/conntrack_check                                                                                                                  [ PASS ] 
-----------------------------------------------------------------------------------------------------------------------------------------------------------------------+
/health_checks/hardware_checks/disk_checks/sata_dom_status_check                                                                                               [ PASS ] 
-----------------------------------------------------------------------------------------------------------------------------------------------------------------------+
/health_checks/system_checks/gflags_diff_check                                                                                                                 [ PASS ] 
-----------------------------------------------------------------------------------------------------------------------------------------------------------------------+
/health_checks/system_checks/check_ssl_expiry                                                                                                                  [ PASS ] 
-----------------------------------------------------------------------------------------------------------------------------------------------------------------------+
/health_checks/draas_checks/protection_policy_checks/recovery_point_limit_exceeding_check                                                                      [ PASS ] 
-----------------------------------------------------------------------------------------------------------------------------------------------------------------------+
/health_checks/network_checks/host_cvm_subnets_check                                                                                                           [ PASS ] 
-----------------------------------------------------------------------------------------------------------------------------------------------------------------------+
/health_checks/data_protection_checks/protection_domain_checks/replication_of_deduped_entities_check                                                           [ PASS ] 
-----------------------------------------------------------------------------------------------------------------------------------------------------------------------+
/health_checks/hardware_checks/disk_checks/vg_space_usage_check                                                                                                [ PASS ] 
-----------------------------------------------------------------------------------------------------------------------------------------------------------------------+
/health_checks/hypervisor_checks/host_rx_packets_drop                                                                                                          [ PASS ] 
-----------------------------------------------------------------------------------------------------------------------------------------------------------------------+
/health_checks/system_checks/fs_inconsistency_check                                                                                                            [ PASS ] 
-----------------------------------------------------------------------------------------------------------------------------------------------------------------------+
/health_checks/system_checks/kernel_mitigations_check                                                                                                          [ PASS ] 
-----------------------------------------------------------------------------------------------------------------------------------------------------------------------+
/health_checks/network_checks/zeus_config_ip_address_check                                                                                                     [ PASS ] 
-----------------------------------------------------------------------------------------------------------------------------------------------------------------------+
/health_checks/system_checks/same_hypervisor_version_check                                                                                                     [ PASS ] 
-----------------------------------------------------------------------------------------------------------------------------------------------------------------------+
/health_checks/hypervisor_checks/ahv_file_integrity_check                                                                                                      [ PASS ] 
-----------------------------------------------------------------------------------------------------------------------------------------------------------------------+
/health_checks/system_checks/cluster_active_upgrade_check                                                                                                      [ PASS ] 
-----------------------------------------------------------------------------------------------------------------------------------------------------------------------+
/health_checks/hardware_checks/disk_checks/disk_id_duplicate_check                                                                                             [ PASS ] 
-----------------------------------------------------------------------------------------------------------------------------------------------------------------------+
/health_checks/hypervisor_checks/ahv_read_only_fs_check                                                                                                        [ PASS ] 
-----------------------------------------------------------------------------------------------------------------------------------------------------------------------+
/health_checks/network_checks/cvm_mtu_check                                                                                                                    [ PASS ] 
-----------------------------------------------------------------------------------------------------------------------------------------------------------------------+
/health_checks/system_checks/email_alerts_check                                                                                                                [ PASS ] 
-----------------------------------------------------------------------------------------------------------------------------------------------------------------------+
/health_checks/hardware_checks/disk_checks/unreserved_available_space_check                                                                                    [ PASS ] 
-----------------------------------------------------------------------------------------------------------------------------------------------------------------------+
/health_checks/system_checks/degraded_node_check                                                                                                               [ PASS ] 
-----------------------------------------------------------------------------------------------------------------------------------------------------------------------+
/health_checks/network_checks/co_min_hc_bandwidth_check                                                                                                        [ PASS ] 
-----------------------------------------------------------------------------------------------------------------------------------------------------------------------+
/health_checks/key_manager_checks/sed_key_availability_check                                                                                                   [ PASS ] 
-----------------------------------------------------------------------------------------------------------------------------------------------------------------------+
/health_checks/system_checks/crash_dump_check                                                                                                                  [ PASS ] 
-----------------------------------------------------------------------------------------------------------------------------------------------------------------------+
/health_checks/hypervisor_checks/ahv_fs_integrity_check                                                                                                        [ PASS ] 
-----------------------------------------------------------------------------------------------------------------------------------------------------------------------+
/health_checks/stargate_checks/compression_disabled_check                                                                                                      [ PASS ] 
-----------------------------------------------------------------------------------------------------------------------------------------------------------------------+
/health_checks/hypervisor_checks/vm_checks                                                                                                                     [ PASS ] 
-----------------------------------------------------------------------------------------------------------------------------------------------------------------------+
/health_checks/system_checks/co_sizing_hc_count_check                                                                                                          [ PASS ] 
-----------------------------------------------------------------------------------------------------------------------------------------------------------------------+
/health_checks/metro_availability_checks/unsupported_vm_config_check                                                                                           [ PASS ] 
-----------------------------------------------------------------------------------------------------------------------------------------------------------------------+
/health_checks/data_protection_checks/protection_domain_checks/storage_container_mount_check                                                                   [ PASS ] 
-----------------------------------------------------------------------------------------------------------------------------------------------------------------------+
/health_checks/fileserver_checks/fileserver_cvm_checks/file_server_cvm_config_check                                                                            [ PASS ] 
-----------------------------------------------------------------------------------------------------------------------------------------------------------------------+
/health_checks/system_checks/rsyslog_connectivity_check                                                                                                        [ PASS ] 
-----------------------------------------------------------------------------------------------------------------------------------------------------------------------+
/health_checks/data_protection_checks/protection_domain_checks/vstore_pd_file_count_check                                                                      [ PASS ] 
-----------------------------------------------------------------------------------------------------------------------------------------------------------------------+
/health_checks/data_protection_checks/high_density_node_checks/protection_domain_snapshots_check                                                               [ PASS ] 
-----------------------------------------------------------------------------------------------------------------------------------------------------------------------+
/health_checks/hardware_checks/disk_checks/ssd_configuration_check                                                                                             [ PASS ] 
-----------------------------------------------------------------------------------------------------------------------------------------------------------------------+
/health_checks/key_manager_checks/node_certificate_expiry_check                                                                                                [ PASS ] 
-----------------------------------------------------------------------------------------------------------------------------------------------------------------------+
/health_checks/system_checks/pc_default_password_check                                                                                                         [ PASS ] 
-----------------------------------------------------------------------------------------------------------------------------------------------------------------------+
/health_checks/stargate_checks/ondisk_dedup_enabled_check                                                                                                      [ PASS ] 
-----------------------------------------------------------------------------------------------------------------------------------------------------------------------+
/health_checks/hardware_checks/factory_config_validation_check                                                                                                 [ PASS ] 
-----------------------------------------------------------------------------------------------------------------------------------------------------------------------+
/health_checks/fileserver_checks/fileserver_cvm_checks/multiple_fsvm_on_single_node_check                                                                      [ PASS ] 
-----------------------------------------------------------------------------------------------------------------------------------------------------------------------+
/health_checks/hardware_checks/disk_checks/raid_health_check                                                                                                   [ PASS ] 
-----------------------------------------------------------------------------------------------------------------------------------------------------------------------+
/health_checks/system_checks/cluster_disabled_upgrade_check                                                                                                    [ PASS ] 
-----------------------------------------------------------------------------------------------------------------------------------------------------------------------+
/health_checks/system_checks/co_sizing_hc_co_ratio_check                                                                                                       [ PASS ] 
-----------------------------------------------------------------------------------------------------------------------------------------------------------------------+
/health_checks/fileserver_checks/fileserver_cvm_checks/file_server_remote_site_status_check                                                                    [ PASS ] 
-----------------------------------------------------------------------------------------------------------------------------------------------------------------------+
/health_checks/network_checks/cvm_dvportgroup_binding_check                                                                                                    [ PASS ] 
-----------------------------------------------------------------------------------------------------------------------------------------------------------------------+
/health_checks/network_checks/duplicate_cvm_ip_check                                                                                                           [ PASS ] 
-----------------------------------------------------------------------------------------------------------------------------------------------------------------------+
/health_checks/system_checks/vdisk_count_check                                                                                                                 [ PASS ] 
-----------------------------------------------------------------------------------------------------------------------------------------------------------------------+
/health_checks/network_checks/nic_flaps_check                                                                                                                  [ PASS ] 
-----------------------------------------------------------------------------------------------------------------------------------------------------------------------+
/health_checks/hardware_checks/disk_checks/storage_container_space_usage_check                                                                                 [ PASS ] 
-----------------------------------------------------------------------------------------------------------------------------------------------------------------------+
/health_checks/data_protection_checks/protection_domain_checks/pd_clones_check                                                                                 [ PASS ] 
-----------------------------------------------------------------------------------------------------------------------------------------------------------------------+
/health_checks/key_manager_checks/ca_certificate_expiry_check                                                                                                  [ PASS ] 
-----------------------------------------------------------------------------------------------------------------------------------------------------------------------+
/health_checks/network_checks/conntrack_mode_check                                                                                                             [ PASS ] 
-----------------------------------------------------------------------------------------------------------------------------------------------------------------------+
/health_checks/network_checks/conntrack_connection_limit_check                                                                                                 [ PASS ] 
-----------------------------------------------------------------------------------------------------------------------------------------------------------------------+
/health_checks/system_checks/cvm_connectivity                                                                                                                  [ PASS ] 
-----------------------------------------------------------------------------------------------------------------------------------------------------------------------+
/health_checks/robo_checks/robo_readonly_state_check                                                                                                           [ PASS ] 
-----------------------------------------------------------------------------------------------------------------------------------------------------------------------+
/health_checks/data_protection_checks/protection_domain_checks/unsupported_vm_config_vstore_check                                                              [ PASS ] 
-----------------------------------------------------------------------------------------------------------------------------------------------------------------------+
/health_checks/system_checks/check_network_configuration_files                                                                                                 [ PASS ] 
-----------------------------------------------------------------------------------------------------------------------------------------------------------------------+
/health_checks/system_checks/coreoff_check                                                                                                                     [ PASS ] 
-----------------------------------------------------------------------------------------------------------------------------------------------------------------------+
/health_checks/fileserver_checks/fileserver_cvm_checks/file_server_container_check                                                                             [ PASS ] 
-----------------------------------------------------------------------------------------------------------------------------------------------------------------------+
/health_checks/system_checks/snapshot_chain_height_check                                                                                                       [ PASS ] 
-----------------------------------------------------------------------------------------------------------------------------------------------------------------------+
/health_checks/hypervisor_checks/hwclock_check                                                                                                                 [ PASS ] 
-----------------------------------------------------------------------------------------------------------------------------------------------------------------------+
/health_checks/metro_availability_checks/metro_aggressive_break_replication_timeout_check                                                                      [ PASS ] 
-----------------------------------------------------------------------------------------------------------------------------------------------------------------------+
/health_checks/pulse_checks/metering_rest_connection_checks                                                                                                    [ PASS ] 
-----------------------------------------------------------------------------------------------------------------------------------------------------------------------+
/health_checks/system_checks/co_sizing_cvm_size_check                                                                                                          [ PASS ] 
-----------------------------------------------------------------------------------------------------------------------------------------------------------------------+
/health_checks/system_checks/cvm_name_check                                                                                                                    [ PASS ] 
-----------------------------------------------------------------------------------------------------------------------------------------------------------------------+
/health_checks/system_checks/virtual_ip_check                                                                                                                  [ PASS ] 
-----------------------------------------------------------------------------------------------------------------------------------------------------------------------+
/health_checks/pulse_checks/pulse_enablement_checks                                                                                                            [ PASS ] 
-----------------------------------------------------------------------------------------------------------------------------------------------------------------------+
/health_checks/hypervisor_checks/ahv_crash_file_check                                                                                                          [ PASS ] 
-----------------------------------------------------------------------------------------------------------------------------------------------------------------------+
/health_checks/data_protection_checks/remote_site_checks/remote_site_mtu_check                                                                                 [ PASS ] 
-----------------------------------------------------------------------------------------------------------------------------------------------------------------------+
/health_checks/system_checks/zkalias_check_plugin                                                                                                              [ PASS ] 
-----------------------------------------------------------------------------------------------------------------------------------------------------------------------+
/health_checks/self_encrypting_drive_checks/disk_configuration_vs_intent_consistency_check                                                                     [ PASS ] 
-----------------------------------------------------------------------------------------------------------------------------------------------------------------------+
/health_checks/hypervisor_checks/ahv_remote_log_forwarding_check                                                                                               [ PASS ] 
-----------------------------------------------------------------------------------------------------------------------------------------------------------------------+
/health_checks/cassandra_checks/cassandra_keyspace_cf_check                                                                                                    [ PASS ] 
-----------------------------------------------------------------------------------------------------------------------------------------------------------------------+
/health_checks/cassandra_checks/cassandra_similar_token_check                                                                                                  [ PASS ] 
-----------------------------------------------------------------------------------------------------------------------------------------------------------------------+
/health_checks/data_protection_checks/protection_domain_checks/duplicate_vm_names_check                                                                        [ PASS ] 
-----------------------------------------------------------------------------------------------------------------------------------------------------------------------+
/health_checks/network_checks/cvm_mtu_uniformity_check                                                                                                         [ PASS ] 
-----------------------------------------------------------------------------------------------------------------------------------------------------------------------+
/health_checks/hypervisor_checks/ahv_bridge_config_check                                                                                                       [ PASS ] 
-----------------------------------------------------------------------------------------------------------------------------------------------------------------------+
/health_checks/system_checks/secure_boot_check                                                                                                                 [ PASS ] 
-----------------------------------------------------------------------------------------------------------------------------------------------------------------------+
/health_checks/hardware_checks/disk_checks/disk_usage_check                                                                                                    [ PASS ] 
-----------------------------------------------------------------------------------------------------------------------------------------------------------------------+
/health_checks/metro_availability_checks/metro_invalid_break_replication_timeout_check                                                                         [ PASS ] 
-----------------------------------------------------------------------------------------------------------------------------------------------------------------------+
/health_checks/data_protection_checks/protection_domain_checks/cross_hypervisor_ngt_installed_check                                                            [ PASS ] 
-----------------------------------------------------------------------------------------------------------------------------------------------------------------------+
/health_checks/fileserver_checks/fileserver_cvm_checks/file_server_licensing_check                                                                             [ PASS ] 
-----------------------------------------------------------------------------------------------------------------------------------------------------------------------+
/health_checks/system_checks/cpu_avx_check                                                                                                                     [ PASS ] 
-----------------------------------------------------------------------------------------------------------------------------------------------------------------------+
/health_checks/hardware_checks/ipmi_checks/mixed_psu_check                                                                                                     [ PASS ] 
-----------------------------------------------------------------------------------------------------------------------------------------------------------------------+
/health_checks/fileserver_checks/fileserver_cvm_checks/multiple_file_server_versions_check                                                                     [ PASS ] 
-----------------------------------------------------------------------------------------------------------------------------------------------------------------------+
/health_checks/sar_checks/sar_stats_threshold_check                                                                                                            [ PASS ] 
-----------------------------------------------------------------------------------------------------------------------------------------------------------------------+
/health_checks/fileserver_checks/fileserver_cvm_checks/file_server_upgrade_task_stuck_check                                                                    [ PASS ] 
-----------------------------------------------------------------------------------------------------------------------------------------------------------------------+
/health_checks/fileserver_checks/fileserver_cvm_checks/file_server_task_stuck_check                                                                            [ PASS ] 
-----------------------------------------------------------------------------------------------------------------------------------------------------------------------+
/health_checks/key_manager_checks/sw_encryption_key_availability_check                                                                                         [ PASS ] 
-----------------------------------------------------------------------------------------------------------------------------------------------------------------------+
/health_checks/data_protection_checks/protection_domain_checks/protected_vg_whitelist_check                                                                    [ PASS ] 
-----------------------------------------------------------------------------------------------------------------------------------------------------------------------+
/health_checks/network_checks/ndp_check                                                                                                                        [ PASS ] 
-----------------------------------------------------------------------------------------------------------------------------------------------------------------------+
/health_checks/hardware_checks/disk_checks/storage_pool_space_usage_check                                                                                      [ PASS ] 
-----------------------------------------------------------------------------------------------------------------------------------------------------------------------+
/health_checks/data_protection_checks/cloud_checks/cloud_remote_check                                                                                          [ PASS ] 
-----------------------------------------------------------------------------------------------------------------------------------------------------------------------+
/health_checks/data_protection_checks/protection_domain_checks/internal_consistency_group_check                                                                [ PASS ] 
-----------------------------------------------------------------------------------------------------------------------------------------------------------------------+
/health_checks/system_checks/host_cpu_frequency_check                                                                                                          [ PASS ] 
-----------------------------------------------------------------------------------------------------------------------------------------------------------------------+
/health_checks/hardware_checks/disk_checks/disk_storage_pool_check                                                                                             [ PASS ] 
-----------------------------------------------------------------------------------------------------------------------------------------------------------------------+
/health_checks/system_checks/ergon_checks                                                                                                                      [ PASS ] 
-----------------------------------------------------------------------------------------------------------------------------------------------------------------------+
/health_checks/fileserver_checks/fileserver_cvm_checks/file_server_protect_status_check                                                                        [ PASS ] 
-----------------------------------------------------------------------------------------------------------------------------------------------------------------------+
/health_checks/network_checks/ns_config_consistency_check                                                                                                      [ PASS ] 
-----------------------------------------------------------------------------------------------------------------------------------------------------------------------+
/health_checks/data_protection_checks/protection_domain_checks/ssd_snapshot_reserve_space_check                                                                [ PASS ] 
-----------------------------------------------------------------------------------------------------------------------------------------------------------------------+
/health_checks/cassandra_checks/ring_balance_check                                                                                                             [ PASS ] 
-----------------------------------------------------------------------------------------------------------------------------------------------------------------------+
/health_checks/data_protection_checks/protection_domain_checks/snapshot_missing_entities_check                                                                 [ PASS ] 
-----------------------------------------------------------------------------------------------------------------------------------------------------------------------+
/health_checks/data_protection_checks/protection_domain_checks/snapshot_file_location_check                                                                    [ PASS ] 
-----------------------------------------------------------------------------------------------------------------------------------------------------------------------+
/health_checks/metro_availability_checks/data_locality_check                                                                                                   [ PASS ] 
-----------------------------------------------------------------------------------------------------------------------------------------------------------------------+
/health_checks/system_checks/alert_manager_service_check                                                                                                       [ PASS ] 
-----------------------------------------------------------------------------------------------------------------------------------------------------------------------+
/health_checks/system_checks/cpu_unblock_check                                                                                                                 [ PASS ] 
-----------------------------------------------------------------------------------------------------------------------------------------------------------------------+
/health_checks/system_checks/remote_support_status_check                                                                                                       [ PASS ] 
-----------------------------------------------------------------------------------------------------------------------------------------------------------------------+
/health_checks/hardware_checks/disk_checks/host_disk_usage_check                                                                                               [ PASS ] 
-----------------------------------------------------------------------------------------------------------------------------------------------------------------------+
/health_checks/data_protection_checks/high_density_node_checks/dr_configuration_check                                                                          [ PASS ] 
-----------------------------------------------------------------------------------------------------------------------------------------------------------------------+
/health_checks/system_checks/check_erasure_code_config                                                                                                         [ PASS ] 
-----------------------------------------------------------------------------------------------------------------------------------------------------------------------+
/health_checks/stargate_checks/copyupblockissue_check                                                                                                          [ PASS ] 
-----------------------------------------------------------------------------------------------------------------------------------------------------------------------+
/health_checks/system_checks/default_password_check                                                                                                            [ PASS ] 
-----------------------------------------------------------------------------------------------------------------------------------------------------------------------+
/health_checks/cassandra_checks/cassandra_log_memory_check                                                                                                     [ PASS ] 
-----------------------------------------------------------------------------------------------------------------------------------------------------------------------+
/health_checks/system_checks/cvm_memory_usage_check                                                                                                            [ PASS ] 
-----------------------------------------------------------------------------------------------------------------------------------------------------------------------+
/health_checks/cassandra_checks/cassandra_sstable_health_warning_check                                                                                         [ PASS ] 
-----------------------------------------------------------------------------------------------------------------------------------------------------------------------+
/health_checks/metro_availability_checks/secondary_metro_pd_in_sync_check                                                                                      [ PASS ] 
-----------------------------------------------------------------------------------------------------------------------------------------------------------------------+
/health_checks/network_checks/10gbe_check                                                                                                                      [ PASS ] 
-----------------------------------------------------------------------------------------------------------------------------------------------------------------------+
/health_checks/hardware_checks/disk_checks/disk_online_check                                                                                                   [ PASS ] 
-----------------------------------------------------------------------------------------------------------------------------------------------------------------------+
/health_checks/network_checks/check_interface_configuration_files                                                                                              [ PASS ] 
-----------------------------------------------------------------------------------------------------------------------------------------------------------------------+
/health_checks/system_checks/http_proxy_check                                                                                                                  [ PASS ] 
-----------------------------------------------------------------------------------------------------------------------------------------------------------------------+
/health_checks/system_checks/notifications_dropped_check                                                                                                       [ PASS ] 
-----------------------------------------------------------------------------------------------------------------------------------------------------------------------+
/health_checks/data_protection_checks/protection_domain_checks/nearsync_staging_area_stale_files_check                                                         [ PASS ] 
-----------------------------------------------------------------------------------------------------------------------------------------------------------------------+
/health_checks/robo_checks/robo_cluster_witness_sync_check                                                                                                     [ PASS ] 
-----------------------------------------------------------------------------------------------------------------------------------------------------------------------+
/health_checks/hardware_checks/ipmi_checks/ipmi_sensor_threshold_check                                                                                         [ PASS ] 
-----------------------------------------------------------------------------------------------------------------------------------------------------------------------+
/health_checks/network_checks/cvm_network_error_check                                                                                                          [ PASS ] 
-----------------------------------------------------------------------------------------------------------------------------------------------------------------------+
/health_checks/hardware_checks/dimm_checks/dimm_size_reduction_check                                                                                           [ PASS ] 
-----------------------------------------------------------------------------------------------------------------------------------------------------------------------+
/health_checks/hardware_checks/ipmi_checks/power_supply_check                                                                                                  [ PASS ] 
-----------------------------------------------------------------------------------------------------------------------------------------------------------------------+
/health_checks/hardware_checks/disk_checks/sata_controller_check                                                                                               [ PASS ] 
-----------------------------------------------------------------------------------------------------------------------------------------------------------------------+
/health_checks/hardware_checks/chassis_cpus_type_check                                                                                                         [ PASS ] 
-----------------------------------------------------------------------------------------------------------------------------------------------------------------------+
/health_checks/stargate_checks/oplog_episode_count_check                                                                                                       [ PASS ] 
-----------------------------------------------------------------------------------------------------------------------------------------------------------------------+
/health_checks/cassandra_checks/cassandra_status_check                                                                                                         [ PASS ] 
-----------------------------------------------------------------------------------------------------------------------------------------------------------------------+
/health_checks/system_checks/sp_usage_check                                                                                                                    [ PASS ] 
-----------------------------------------------------------------------------------------------------------------------------------------------------------------------+
/health_checks/data_protection_checks/protection_domain_checks/maximum_entities_in_consistency_group_check                                                     [ PASS ] 
-----------------------------------------------------------------------------------------------------------------------------------------------------------------------+
/health_checks/data_protection_checks/cloud_checks/aws_instance_check                                                                                          [ PASS ] 
-----------------------------------------------------------------------------------------------------------------------------------------------------------------------+
/health_checks/metro_availability_checks/metro_automatic_checkpoint_snapshot_check                                                                             [ PASS ] 
-----------------------------------------------------------------------------------------------------------------------------------------------------------------------+
/health_checks/data_protection_checks/ahv_sync_rep_checks/vm_updates_disabled_check                                                                            [ PASS ] 
-----------------------------------------------------------------------------------------------------------------------------------------------------------------------+
/health_checks/stargate_checks/unresponsive_stargate_check                                                                                                     [ PASS ] 
-----------------------------------------------------------------------------------------------------------------------------------------------------------------------+
/health_checks/data_protection_checks/protection_domain_checks/vstore_cg_file_count_check                                                                      [ PASS ] 
-----------------------------------------------------------------------------------------------------------------------------------------------------------------------+
/health_checks/data_protection_checks/protection_domain_checks/aged_entity_centric_third_party_backup_snapshot_check                                           [ PASS ] 
-----------------------------------------------------------------------------------------------------------------------------------------------------------------------+
/health_checks/key_manager_checks/local_key_manager_unsafe_mode_check                                                                                          [ PASS ] 
-----------------------------------------------------------------------------------------------------------------------------------------------------------------------+
/health_checks/stargate_checks/dedup_auto_disabled_check                                                                                                       [ PASS ] 
-----------------------------------------------------------------------------------------------------------------------------------------------------------------------+
/health_checks/hardware_checks/disk_checks/inode_usage_check                                                                                                   [ PASS ] 
-----------------------------------------------------------------------------------------------------------------------------------------------------------------------+
/health_checks/stargate_checks/container_on_removed_storage_pool                                                                                               [ PASS ] 
-----------------------------------------------------------------------------------------------------------------------------------------------------------------------+
/health_checks/system_checks/check_node_ssh_keys                                                                                                               [ PASS ] 
-----------------------------------------------------------------------------------------------------------------------------------------------------------------------+
/health_checks/hypervisor_checks/cvm_virtual_hardware_version_check                                                                                            [ PASS ] 
-----------------------------------------------------------------------------------------------------------------------------------------------------------------------+
/health_checks/network_checks/ofpfmfc_table_full_check                                                                                                         [ PASS ] 
-----------------------------------------------------------------------------------------------------------------------------------------------------------------------+
/health_checks/cassandra_checks/nodetool_consistency_check                                                                                                     [ PASS ] 
-----------------------------------------------------------------------------------------------------------------------------------------------------------------------+
/health_checks/system_checks/cluster_services_status                                                                                                           [ PASS ] 
-----------------------------------------------------------------------------------------------------------------------------------------------------------------------+
/health_checks/network_checks/inter_cvm_ping_latency_check                                                                                                     [ PASS ] 
-----------------------------------------------------------------------------------------------------------------------------------------------------------------------+
/health_checks/hardware_checks/dimm_checks/dimm_sel_check                                                                                                      [ PASS ] 
-----------------------------------------------------------------------------------------------------------------------------------------------------------------------+
/health_checks/data_protection_checks/protection_domain_checks/backup_schedule_check                                                                           [ WARN ] 
-----------------------------------------------------------------------------------------------------------------------------------------------------------------------+
/health_checks/pulse_checks/rest_connection_checks                                                                                                             [ WARN ] 
-----------------------------------------------------------------------------------------------------------------------------------------------------------------------+
/health_checks/system_checks/idf_db_to_db_sync_heartbeat_status_check                                                                                          [ WARN ] 
-----------------------------------------------------------------------------------------------------------------------------------------------------------------------+
/health_checks/data_protection_checks/remote_site_checks/remote_site_connectivity_check                                                                        [ WARN ] 
-----------------------------------------------------------------------------------------------------------------------------------------------------------------------+
/health_checks/data_protection_checks/protection_domain_checks/recovery_point_availability_check                                                               [ WARN ] 
-----------------------------------------------------------------------------------------------------------------------------------------------------------------------+
/health_checks/system_checks/hostname_resolution_check                                                                                                         [ WARN ] 
-----------------------------------------------------------------------------------------------------------------------------------------------------------------------+
/health_checks/data_protection_checks/remote_site_checks/remote_site_config_check                                                                              [ ERR  ] 
-----------------------------------------------------------------------------------------------------------------------------------------------------------------------+
/health_checks/data_protection_checks/remote_site_checks/remote_site_time_sync_check                                                                           [ ERR  ] 
-----------------------------------------------------------------------------------------------------------------------------------------------------------------------+
/health_checks/data_protection_checks/remote_site_checks/remote_site_has_correct_cluster_info_check                                                            [ ERR  ] 
-----------------------------------------------------------------------------------------------------------------------------------------------------------------------+
/health_checks/network_checks/check_ntp                                                                                                                        [ ERR  ] 
-----------------------------------------------------------------------------------------------------------------------------------------------------------------------+
/health_checks/data_protection_checks/remote_site_checks/remote_site_has_virtual_ip_check                                                                      [ ERR  ] 
-----------------------------------------------------------------------------------------------------------------------------------------------------------------------+

Detailed information for backup_schedule_check:
Node 172.30.7.130: 
WARN: Backup schedule does not exist for protection domain Zimbra protecting some entities. If this protection domain is created for use by backup software, this warning can be ignored.
Refer to KB 1910 (http://portal.nutanix.com/kb/1910) for details on backup_schedule_check or Recheck with: ncc health_checks data_protection_checks protection_domain_checks backup_schedule_check

Detailed information for rest_connection_checks:
Node 172.30.7.130: 
WARN: Pulse is enabled but connectivity fails.
Refer to KB 5490 (http://portal.nutanix.com/kb/5490) for details on rest_connection_checks or Recheck with: ncc health_checks pulse_checks rest_connection_checks

Detailed information for idf_db_to_db_sync_heartbeat_status_check:
Node 172.30.7.130: 
WARN: Cluster with UUID: 59a81b1d-4a3d-4cb9-a7c0-e420c64fe52b has 128 out of sync shards.
Refer to KB 5582 (http://portal.nutanix.com/kb/5582) for details on idf_db_to_db_sync_heartbeat_status_check or Recheck with: ncc health_checks system_checks idf_db_to_db_sync_heartbeat_status_check

Detailed information for remote_site_connectivity_check:
Node 172.30.7.130: 
WARN: Failed to connect to the remote site NTXN-SITE7. Unable to reach port 2009 or 2020 on the remote site.
Refer to KB 1596 (http://portal.nutanix.com/kb/1596) for details on remote_site_connectivity_check or Recheck with: ncc health_checks data_protection_checks remote_site_checks remote_site_connectivity_check

Detailed information for recovery_point_availability_check:
Node 172.30.7.130: 
WARN: Protection domain Zimbra does not have a local backup to recover from
Refer to KB 1879 (http://portal.nutanix.com/kb/1879) for details on recovery_point_availability_check or Recheck with: ncc health_checks data_protection_checks protection_domain_checks recovery_point_availability_check

Detailed information for hostname_resolution_check:
Node 172.30.7.132: 
INFO: Pulse is disabled and SMTP is not configured.
Node 172.30.7.131: 
INFO: Pulse is disabled and SMTP is not configured.
WARN: NTP server south-america.pool.ntp.org could not be resolved from CVM
NTP server time2.google.com could not be resolved from CVM
NTP server time3.google.com could not be resolved from CVM
NTP server time1.facebook.com could not be resolved from CVM
NTP server time1.google.com could not be resolved from CVM

Node 172.30.7.130: 
INFO: Pulse is disabled and SMTP is not configured.
Refer to KB 1709 (http://portal.nutanix.com/kb/1709) for details on hostname_resolution_check or Recheck with: ncc health_checks system_checks hostname_resolution_check --cvm_list=172.30.7.132,172.30.7.131,172.30.7.130

Detailed information for remote_site_config_check:
Node 172.30.7.130: 
ERR : cluster (remote_name: NTXN-SITE7) : Failed to query remote cluster
Refer to KB 3335 (http://portal.nutanix.com/kb/3335) for details on remote_site_config_check or Recheck with: ncc health_checks data_protection_checks remote_site_checks remote_site_config_check

Detailed information for remote_site_time_sync_check:
Node 172.30.7.130: 
ERR : remote_site (remote_name: NTXN-SITE7) : Failed to query remote cluster
Refer to KB 1848 (http://portal.nutanix.com/kb/1848) for details on remote_site_time_sync_check or Recheck with: ncc health_checks data_protection_checks remote_site_checks remote_site_time_sync_check

Detailed information for remote_site_has_correct_cluster_info_check:
Node 172.30.7.130: 
ERR : remote_site (remote_name: NTXN-SITE7) : Failed to query remote cluster
Refer to KB 4505 (http://portal.nutanix.com/kb/4505) for details on remote_site_has_correct_cluster_info_check or Recheck with: ncc health_checks data_protection_checks remote_site_checks remote_site_has_correct_cluster_info_check

Detailed information for check_ntp:
Node 172.30.7.131: 
ERR : node (service_vm_id: 5) : NTP synchronized to server which is neither in the cluster nor in the list of allowed NTP servers
Refer to KB 4519 (http://portal.nutanix.com/kb/4519) for details on check_ntp or Recheck with: ncc health_checks network_checks check_ntp --cvm_list=172.30.7.131

Detailed information for remote_site_has_virtual_ip_check:
Node 172.30.7.130: 
ERR : cluster (remote_name: NTXN-SITE7) : Failed to query remote cluster
Refer to KB 3024 (http://portal.nutanix.com/kb/3024) for details on remote_site_has_virtual_ip_check or Recheck with: ncc health_checks data_protection_checks remote_site_checks remote_site_has_virtual_ip_check

One or more plugins generated ERROR as there were insufficient data to validate results. Please resolve other reported issues and re-run the health checks.
+-----------------------+
| State         | Count |
+-----------------------+
| Pass          | 225   |
| Warning       | 6     |
| Error         | 5     |
| Total Plugins | 236   |
+-----------------------+
Plugin output written to /home/nutanix/data/logs/ncc-output-latest.log
nutanix@NTNX-17FM6E410137-A-CVM:172.30.7.130:~$ ping -c 3 172.17.7.2
PING 172.17.7.2 (172.17.7.2) 56(84) bytes of data.
^C
--- 172.17.7.2 ping statistics ---
3 packets transmitted, 0 received, 100% packet loss, time 1999ms

nutanix@NTNX-17FM6E410137-A-CVM:172.30.7.130:~$ links -dump  172.17.7.2:2020
^C
nutanix@NTNX-17FM6E410137-A-CVM:172.30.7.130:~$ 
nutanix@NTNX-17FM6E410137-A-CVM:172.30.7.130:~$ 
nutanix@NTNX-17FM6E410137-A-CVM:172.30.7.130:~$ links -dump  172.17.7.2:2009
^C
nutanix@NTNX-17FM6E410137-A-CVM:172.30.7.130:~$ nc -vv  172.17.7.2:2009
Ncat: Version 7.50 ( https://nmap.org/ncat )
Ncat: Could not resolve hostname "172.17.7.2:2009": Name or service not known. QUITTING.
nutanix@NTNX-17FM6E410137-A-CVM:172.30.7.130:~$ nc -vv  172.17.7.2 2009
Ncat: Version 7.50 ( https://nmap.org/ncat )
NCAT DEBUG: Using system default trusted CA certificates and those in /usr/share/ncat/ca-bundle.crt.
NCAT DEBUG: Unable to load trusted CA certificates from /usr/share/ncat/ca-bundle.crt: error:02001002:system library:fopen:No such file or directory
libnsock nsi_new2(): nsi_new (IOD #1)
libnsock nsock_connect_tcp(): TCP connection requested to 172.17.7.2:2009 (IOD #1) EID 8
libnsock nsock_trace_handler_callback(): Callback: CONNECT TIMEOUT for EID 8 [172.17.7.2:2009]
Ncat: Connection timed out.
nutanix@NTNX-17FM6E410137-A-CVM:172.30.7.130:~$ Connection to 192.168.5.254 closed by remote host.
Connection to 192.168.5.254 closed.
[root@NTNX-17FM6E410137-A ~]# nc -vv  172.17.7.2 2009
Connection to 172.17.7.2 2009 port [tcp/news] succeeded!
^C
[root@NTNX-17FM6E410137-A ~]# links -dump  172.17.7.2:2020
-bash: links: no se encontr la orden
[root@NTNX-17FM6E410137-A ~]# links http:172.17.7.2:2020
-bash: links: no se encontr la orden
[root@NTNX-17FM6E410137-A ~]# wget  http:172.17.7.2:2020
--2022-06-06 16:47:16--  ftp://http/172.17.7.2:2020
           => 172.17.7.2:2020
Resolviendo http (http)... fall: Nombre o servicio desconocido.
wget: no se pudo resolver la direccin del equipo http
[root@NTNX-17FM6E410137-A ~]# wget  http:^C2.17.7.2:2020
[root@NTNX-17FM6E410137-A ~]# nc -vv  172.17.7.2 2020
Connection to 172.17.7.2 2020 port [tcp/xinupageserver] succeeded!
^C
[root@NTNX-17FM6E410137-A ~]# cping -c 6 links -dump  172.17.7.2:2020
-bash: cping: no se encontr la orden
[root@NTNX-17FM6E410137-A ~]# ping -c 6 172.17.7.2
PING 172.17.7.2 (172.17.7.2) 56(84) bytes of data.
64 bytes from 172.17.7.2: icmp_seq=1 ttl=62 time=2.98 ms
64 bytes from 172.17.7.2: icmp_seq=2 ttl=62 time=1.83 ms
64 bytes from 172.17.7.2: icmp_seq=3 ttl=62 time=2.29 ms
64 bytes from 172.17.7.2: icmp_seq=4 ttl=62 time=1.70 ms
^C
--- 172.17.7.2 ping statistics ---
4 packets transmitted, 4 received, 0% packet loss, time 3002ms
rtt min/avg/max/mdev = 1.700/2.205/2.986/0.502 ms
[root@NTNX-17FM6E410137-A ~]# w
 16:51:20 up 107 days, 12:15,  1 user,  load average: 15,21, 14,25, 14,10
USER     TTY      FROM             LOGIN@   IDLE   JCPU   PCPU WHAT
root     pts/0    172.30.2.147     16:16    0.00s  0.08s  0.04s -bash
[root@NTNX-17FM6E410137-A ~]# exit
logout
Connection to 172.30.7.133 closed.
[sebastian.valencia@fedora ~]$ ip a s 
1: lo: <LOOPBACK,UP,LOWER_UP> mtu 65536 qdisc noqueue state UNKNOWN group default qlen 1000
    link/loopback 00:00:00:00:00:00 brd 00:00:00:00:00:00
    inet 127.0.0.1/8 scope host lo
       valid_lft forever preferred_lft forever
    inet6 ::1/128 scope host 
       valid_lft forever preferred_lft forever
2: enp0s25: <NO-CARRIER,BROADCAST,MULTICAST,UP> mtu 1500 qdisc fq_codel state DOWN group default qlen 1000
    link/ether f0:de:f1:f9:d3:7d brd ff:ff:ff:ff:ff:ff
3: wlp3s0: <BROADCAST,MULTICAST,UP,LOWER_UP> mtu 1500 qdisc mq state UP group default qlen 1000
    link/ether 8c:70:5a:88:6d:b8 brd ff:ff:ff:ff:ff:ff
    inet 172.30.2.147/25 brd 172.30.2.255 scope global dynamic noprefixroute wlp3s0
       valid_lft 27877sec preferred_lft 27877sec
    inet6 fe80::4113:10dc:b5fd:6c3/64 scope link noprefixroute 
       valid_lft forever preferred_lft forever
[sebastian.valencia@fedora ~]$ ping 172.17.7.9
PING 172.17.7.9 (172.17.7.9) 56(84) bytes of data.
64 bytes from 172.17.7.9: icmp_seq=1 ttl=62 time=3.18 ms
64 bytes from 172.17.7.9: icmp_seq=2 ttl=62 time=3.63 ms
64 bytes from 172.17.7.9: icmp_seq=3 ttl=62 time=3.42 ms
64 bytes from 172.17.7.9: icmp_seq=4 ttl=62 time=2.43 ms
64 bytes from 172.17.7.9: icmp_seq=5 ttl=62 time=3.53 ms
64 bytes from 172.17.7.9: icmp_seq=6 ttl=62 time=3.80 ms
64 bytes from 172.17.7.9: icmp_seq=7 ttl=62 time=3.09 ms
64 bytes from 172.17.7.9: icmp_seq=8 ttl=62 time=3.83 ms
64 bytes from 172.17.7.9: icmp_seq=9 ttl=62 time=4.18 ms
64 bytes from 172.17.7.9: icmp_seq=10 ttl=62 time=3.52 ms
64 bytes from 172.17.7.9: icmp_seq=11 ttl=62 time=3.89 ms
64 bytes from 172.17.7.9: icmp_seq=12 ttl=62 time=3.28 ms
64 bytes from 172.17.7.9: icmp_seq=13 ttl=62 time=4.97 ms
64 bytes from 172.17.7.9: icmp_seq=14 ttl=62 time=4.61 ms
64 bytes from 172.17.7.9: icmp_seq=15 ttl=62 time=2.71 ms
^C
--- 172.17.7.9 ping statistics ---
15 packets transmitted, 15 received, 0% packet loss, time 14016ms
rtt min/avg/max/mdev = 2.431/3.604/4.970/0.640 ms
[sebastian.valencia@fedora ~]$ nutanix@172.17.7.9
bash: nutanix@172.17.7.9: command not found...
[sebastian.valencia@fedora ~]$ ssh nutanix@172.17.7.9
The authenticity of host '172.17.7.9 (172.17.7.9)' can't be established.
ECDSA key fingerprint is SHA256:GHLlFoeibtmhp9BNVktjO4cioQcScOXfTqAKWYYF73w.
This key is not known by any other names
Are you sure you want to continue connecting (yes/no/[fingerprint])? yes
Warning: Permanently added '172.17.7.9' (ECDSA) to the list of known hosts.
Nutanix Controller VM
nutanix@172.17.7.9's password: 
Last login: Mon Jun  6 11:53:35 -05 2022 from 172.17.7.11 on ssh
Last login: Mon Jun  6 11:53:37 2022 from 172.30.2.147

Nutanix Controller VM (CVM) is a virtual storage appliance.

Alteration of the CVM (unless advised by Nutanix Technical Support or
Support Portal Documentation) is unsupported and may result in loss
of User VMs or other data residing on the cluster.

Unsupported alterations may include (but are not limited to):

- Configuration changes / removal of files.
- Installation of third-party software/scripts not approved by Nutanix.
- Installation or upgrade of software packages from non-Nutanix
  sources (using yum, rpm, or similar).

** SSH to CVM via 'nutanix' user will be restricted in coming releases.  **
** Please consider using the 'admin' user for basic workflows.           **
nutanix@NTNX-20FM3F410183-A-CVM:172.17.7.9:~$ ncli rs ls 

    Name                      : Carrera7
    Uuid                      : 0005cd08-a75a-9baa-0763-ac1f6b1cdcad
    Capabilities              : disaster_recovery
    Replication Bandwidth     : -
    SSH Tunnel Enabled        : false
    Remote Address(es)        : 172.30.7.139:2020
    Vstore Map                : 
    Proxy Enabled             : false
    Compression               : on
    Bandwidth Policy          : disabled
    Health Status             : 
    Status                    : unreachable
nutanix@NTNX-20FM3F410183-A-CVM:172.17.7.9:~$ links 172.30.7.139:2020

                                                                                                                                                         Cerebro (1/31) 
                                                      
   Starttime                                                                            20220218-23:52:48-GMT-0500                                                   
   BuildVersion                     el7.3-release-euphrates-5.20.3-stable-1b36e17dfc9b2542fb42bf59d8796e24249c5195                                                   
   BuildLastCommitDate                                                                 2021-11-02 04:07:58 -0700                                                   
   ComponentID                                                                                                 378                                                   
   IncarnationID                                                                                          15672746                                                   
   Canbecomemaster                                                                                           true                                                   
   Localhypervisorkey                                                                                172.30.7.134                                                   
   Localhypervisortype                                                                                       kKvm                                                   
   LocalstargateincarnationID                                                                           15672577                                                   
   Highestallocatedopid                                                                                    156878                                                   
   Highestcontiguouscompletedopid                                                                         156878                                                   
   DemeterSubpage                                                                                          Demeter                                                   
   MasterHandle                                                  .130:2020                                                   
   MasterIncarnationID                                                                                 15672706                                                   
        Do you really want to exit ELinks?                                                        
                                                                                                                                                                      
                                                                          [ Yes ]   [ No ]                                                                            
                                                                                                                                
                                                                                                                                         
           Work Assigned                                                                                                                                              
                                                                                                                                         
   Work IDFile PathRemote Name                                                                                                                                      
                                                                                                                                         
                                                                                                                                                                        
                                                                   ReplicateFileOpLatencyStats(24)                                                                   
                                                                                                                                                                        

                                                                      Metadata transfer latency (msecs)                                                                

                          [0 [10[50 [100[500  [1000 ,                                                                                                        
    Stat creation time     ,  ,  ,   ,    ,  Infinity)MinimumMaximumAverage                                                                                  
                          10)50)100)500)1000)                                                                                                                
Making connection                                                                                                                                              [------]


































nutanix@NTNX-20FM3F410183-A-CVM:172.17.7.9:~$ 
nutanix@NTNX-20FM3F410183-A-CVM:172.17.7.9:~$ 
nutanix@NTNX-20FM3F410183-A-CVM:172.17.7.9:~$ links 172.30.7.139:2009

                                                                                                                                                        Stargate (1/10) 
                                                                                Stargate                                                                                
                                                                                                                                                                        
                                              
   Starttime                                                                                    20220218-23:52:41-GMT-0500                                           
   Currenttime                                                                                  20220606-11:55:10-GMT-0500                                           
   Buildversion                             el7.3-release-euphrates-5.20.3-stable-1b36e17dfc9b2542fb42bf59d8796e24249c5195                                           
   Buildlastcommitdate                                                                         2021-11-02 04:07:58 -0700                                           
   Stargatehandle                                                                                        172.30.7.131:2009                                           
   iSCSIhandle                                                                                           172.30.7.131:3261                                           
   SVMid                                                                                                                 5                                           
   Incarnationid                                                                                                  15672577                                           
   Highestallocatedopid                                                                                        5930331985                                           
   Highestcontiguouscompletedopid                                                                             5930331757                                           
   QoS Queue(size/admitted)                                                    0/0                                           
   QoSQueuedropped (timed out)                                                                                     1161                                           
   NFSFlushQueue(size/admitted)                               Do you really want to exit ELinks?                   0/0                                           
   NFScacheusage                                                                                                   0 MB                                           
   Memoryusage(Currently-used/RSS/Max-RSS)                             [ Yes ]   [ No ]               88/13479/19886 MB                                           
                                                    
                                                                                                                                                                        
                                                                             ClusterState                                                                              
                                                                                                                                                                        
   'D (A/T)' in the table below indicates that for disk id D, A GB of space is available out of a total of T GB.                                                        
                                                                                                                                                                        
                              
   SVM Id     IP:port     IncarnationSSD-PCIe  SSD-SATA            DAS-SATA           Oplog used/available MBsLWS used/available MBs                           
                              
     4   172.30.7.130:2009 15672375          38 (110/526)36 (2310/5063)37 (2308/5063)     18713 / 181511             0 / 0                                    
                              
     5   172.30.7.131:2009 15672577          34 (127/526)32 (2292/5063)33 (2288/5063)     17017 / 181511             0 / 0                                    
                              
     6   172.30.7.132:2009 15672476          31 (146/526)29 (2261/5063)30 (2260/5063)     17035 / 181511             0 / 0                                    
                              
Making connection                                                                                                                                              [------]


































nutanix@NTNX-20FM3F410183-A-CVM:172.17.7.9:~$ 
nutanix@NTNX-20FM3F410183-A-CVM:172.17.7.9:~$ 
nutanix@NTNX-20FM3F410183-A-CVM:172.17.7.9:~$ 
